// Jest Snapshot v1, https://goo.gl/fbAQLP

exports[`Sort component, matches snapshot. 1`] = `
<body>
  <div>
    <div
      class="sc-gsTCUz bCMlzV"
    >
      <span
        class="sc-dlfnbm eWQShC"
      >
        Всего
         аттракционов:
         
        0
      </span>
      <span
        class="sc-dlfnbm eWQShC"
      >
        <i
          class="sc-hKgILt iVaAuo"
        >
          <svg
            class="sc-bdfBwQ hDpvxr"
            viewBox="0 0 24 16"
            width="1.5"
          >
            <path
              d="M9.33333 16H14.6667V13.3333H9.33333V16ZM0 0V2.66667H24V0H0ZM4 9.33333H20V6.66667H4V9.33333Z"
              fill="#555555"
            />
          </svg>
        </i>
        сортировать
      </span>
    </div>
  </div>
</body>
`;
