// Jest Snapshot v1, https://goo.gl/fbAQLP

exports[`Slider component, match snapshot 1`] = `
<body>
  <div>
    <div
      class="sc-dlfnbm laaXGn"
    >
      <div
        class="sc-eCssSg fyeJyK"
      >
        <a
          class="sc-bdfBwQ eIosNS"
          data-testid="test-left"
        >
          <svg
            class="sc-gsTCUz iapKVs"
            viewBox="0 0 20 20"
            width="1"
          >
            <path
              d="M20 8.75H4.7875L11.775 1.7625L10 0L0 10L10 20L11.7625 18.2375L4.7875 11.25H20V8.75Z"
              fill="#555555"
              fill-opacity="0.54"
            />
          </svg>
        </a>
      </div>
      <img
        class="sc-hKgILt ikRUVT"
      />
      <div
        class="sc-jSgupP fqAhML"
      >
        <a
          class="sc-bdfBwQ eIosNS"
          data-testid="test-right"
        >
          <svg
            class="sc-gsTCUz iapKVs"
            viewBox="0 0 20 20"
            width="1"
          >
            <path
              d="M10 0L8.2375 1.7625L15.2125 8.75H0V11.25H15.2125L8.2375 18.2375L10 20L20 10L10 0Z"
              fill="#555555"
              fill-opacity="0.54"
            />
          </svg>
        </a>
      </div>
    </div>
  </div>
</body>
`;
