// Jest Snapshot v1, https://goo.gl/fbAQLP

exports[`Show more component match snapshot. 1`] = `
<body>
  <div>
    <div
      class="sc-dlfnbm fWchw"
    >
      <a
        class="sc-bdfBwQ kPJUTy"
        data-testid="show-more"
      >
        Показать еще
      </a>
    </div>
  </div>
</body>
`;
