// Jest Snapshot v1, https://goo.gl/fbAQLP

exports[`Notifications component match snapshot. 1`] = `
<body>
  <div>
    <div
      class="sc-jSgupP dHXuMC"
    />
  </div>
</body>
`;
