// Jest Snapshot v1, https://goo.gl/fbAQLP

exports[`TextArea matces snapshot. 1`] = `
<body>
  <div>
    <textarea
      class="sc-bdfBwQ jUhbqp"
    />
  </div>
</body>
`;
